// Jest Snapshot v1, https://goo.gl/fbAQLP

exports[`take snapshot 1`] = `
<div
  className="collection-item"
>
  <div
    className="image"
    style={
      Object {
        "backgroundImage": "url(undefined)",
      }
    }
  />
  <div
    className="collection-footer"
  >
    <span
      className="name"
    />
    <span
      className="price"
    />
  </div>
</div>
`;
